../Core/Src/main.c:79:6:HAL_GPIO_EXTI_Callback	3
../Core/Src/main.c:100:5:main	1
../Core/Src/main.c:201:6:SystemClock_Config	3
../Core/Src/main.c:248:13:MX_TIM1_Init	7
../Core/Src/main.c:323:13:MX_TIM2_Init	4
../Core/Src/main.c:368:13:MX_TIM3_Init	6
../Core/Src/main.c:427:13:MX_USART2_UART_Init	2
../Core/Src/main.c:460:13:MX_GPIO_Init	1
../Core/Src/main.c:533:6:StartTask01	3
../Core/Src/main.c:567:6:StartTask02	3
../Core/Src/main.c:592:6:StartTask03	3
../Core/Src/main.c:617:6:StartTask04	2
../Core/Src/main.c:642:6:HAL_TIM_PeriodElapsedCallback	2
../Core/Src/main.c:659:6:Error_Handler	1
