15:14:28 **** Incremental Build of configuration Debug for project Project003-Voltage_Hall Sensor ****
make -j24 all 
arm-none-eabi-gcc "../Core/Src/main.c" -mcpu=cortex-m4 -std=gnu11 -g3 -DDEBUG -DUSE_HAL_DRIVER -DSTM32F411xE -c -I../Core/Inc -I../Drivers/STM32F4xx_HAL_Driver/Inc -I../Drivers/STM32F4xx_HAL_Driver/Inc/Legacy -I../Drivers/CMSIS/Device/ST/STM32F4xx/Include -I../Drivers/CMSIS/Include -O0 -ffunction-sections -fdata-sections -Wall -fstack-usage -fcyclomatic-complexity -MMD -MP -MF"Core/Src/main.d" -MT"Core/Src/main.o" --specs=nano.specs -mfpu=fpv4-sp-d16 -mfloat-abi=hard -mthumb -o "Core/Src/main.o"
../Core/Src/main.c: In function 'HAL_GPIO_EXTI_Callback':
../Core/Src/main.c:82:17: warning: implicit declaration of function 'printf' [-Wimplicit-function-declaration]
   82 |                 printf("입력이 확인되었습니다. (%d 회) \r\n", t++);
      |                 ^~~~~~
../Core/Src/main.c:21:1: note: include '<stdio.h>' or provide a declaration of 'printf'
   20 | #include "main.h"
  +++ |+#include <stdio.h>
   21 | 
../Core/Src/main.c:82:17: warning: incompatible implicit declaration of built-in function 'printf' [-Wbuiltin-declaration-mismatch]
   82 |                 printf("입력이 확인되었습니다. (%d 회) \r\n", t++);
      |                 ^~~~~~
../Core/Src/main.c:82:17: note: include '<stdio.h>' or provide a declaration of 'printf'
../Core/Src/main.c: In function 'main':
../Core/Src/main.c:124:29: warning: passing argument 2 of 'HAL_ADC_Start_DMA' from incompatible pointer type [-Wincompatible-pointer-types]
  124 |   HAL_ADC_Start_DMA(&hadc1, &val, 1);
      |                             ^~~~
      |                             |
      |                             unsigned int *
In file included from ../Core/Inc/stm32f4xx_hal_conf.h:295,
                 from ../Drivers/STM32F4xx_HAL_Driver/Inc/stm32f4xx_hal.h:29,
                 from ../Core/Inc/main.h:30,
                 from ../Core/Src/main.c:20:
../Drivers/STM32F4xx_HAL_Driver/Inc/stm32f4xx_hal_adc.h:594:72: note: expected 'uint32_t *' {aka 'long unsigned int *'} but argument is of type 'unsigned int *'
  594 | HAL_StatusTypeDef HAL_ADC_Start_DMA(ADC_HandleTypeDef *hadc, uint32_t *pData, uint32_t Length);
      |                                                              ~~~~~~~~~~^~~~~
../Core/Src/main.c:127:3: warning: implicit declaration of function 'ProgramStart' [-Wimplicit-function-declaration]
  127 |   ProgramStart("Voltage Sensor");
      |   ^~~~~~~~~~~~
../Core/Src/main.c:146:19: warning: incompatible implicit declaration of built-in function 'printf' [-Wbuiltin-declaration-mismatch]
  146 |                   printf("Average ADC Volt : %.3f \r\n", voltage_L);
      |                   ^~~~~~
../Core/Src/main.c:146:19: note: include '<stdio.h>' or provide a declaration of 'printf'
arm-none-eabi-gcc -o "Project003-Voltage_Hall Sensor.elf" @"objects.list"   -mcpu=cortex-m4 -T"C:\Users\user\source\repos\STM32\Project003-VoltageSensor\STM32F411RETX_FLASH.ld" --specs=nosys.specs -Wl,-Map="Project003-Voltage_Hall Sensor.map" -Wl,--gc-sections -static --specs=nano.specs -mfpu=fpv4-sp-d16 -mfloat-abi=hard -mthumb -u _printf_float -u _scanf_float -Wl,--start-group -lc -lm -Wl,--end-group
Finished building target: Project003-Voltage_Hall Sensor.elf
 
arm-none-eabi-size  Project003-Voltage_Hall\ Sensor.elf 
arm-none-eabi-objdump -h -S Project003-Voltage_Hall\ Sensor.elf  > "Project003-Voltage_Hall Sensor.list"
   text	   data	    bss	    dec	    hex	filename
  38912	    484	   2620	  42016	   a420	Project003-Voltage_Hall Sensor.elf
Finished building: default.size.stdout
 
Finished building: Project003-Voltage_Hall Sensor.list
 

15:14:29 Build Finished. 0 errors, 5 warnings. (took 635ms)

