18:12:18 **** Incremental Build of configuration Debug for project test011-Ultrasonic-PWM ****
make -j24 all 
arm-none-eabi-gcc "../Core/Src/main.c" -mcpu=cortex-m4 -std=gnu11 -g3 -DDEBUG -DUSE_HAL_DRIVER -DSTM32F411xE -c -I../Core/Inc -I../Drivers/STM32F4xx_HAL_Driver/Inc -I../Drivers/STM32F4xx_HAL_Driver/Inc/Legacy -I../Drivers/CMSIS/Device/ST/STM32F4xx/Include -I../Drivers/CMSIS/Include -O0 -ffunction-sections -fdata-sections -Wall -fstack-usage -fcyclomatic-complexity -MMD -MP -MF"Core/Src/main.d" -MT"Core/Src/main.o" --specs=nano.specs -mfpu=fpv4-sp-d16 -mfloat-abi=hard -mthumb -o "Core/Src/main.o"
../Core/Src/main.c: In function 'main':
../Core/Src/main.c:121:3: warning: implicit declaration of function 'ProgramStart' [-Wimplicit-function-declaration]
  121 |   ProgramStart("Ultrasonic Test - PWM");
      |   ^~~~~~~~~~~~
../Core/Src/main.c:134:9: warning: implicit declaration of function 'printf' [-Wimplicit-function-declaration]
  134 |         printf("Distance : %f\r\n", distance);
      |         ^~~~~~
../Core/Src/main.c:25:1: note: include '<stdio.h>' or provide a declaration of 'printf'
   24 | #include "C:\Users\user\source\repos\STM32\myLib\ultrasonic.h"
  +++ |+#include <stdio.h>
   25 | /* USER CODE END Includes */
../Core/Src/main.c:134:9: warning: incompatible implicit declaration of built-in function 'printf' [-Wbuiltin-declaration-mismatch]
  134 |         printf("Distance : %f\r\n", distance);
      |         ^~~~~~
../Core/Src/main.c:134:9: note: include '<stdio.h>' or provide a declaration of 'printf'
arm-none-eabi-gcc -o "test011-Ultrasonic-PWM.elf" @"objects.list"   -mcpu=cortex-m4 -T"C:\Users\user\source\repos\STM32\test011-Ultrasonic-PWM\STM32F411RETX_FLASH.ld" --specs=nosys.specs -Wl,-Map="test011-Ultrasonic-PWM.map" -Wl,--gc-sections -static --specs=nano.specs -mfpu=fpv4-sp-d16 -mfloat-abi=hard -mthumb -u _printf_float -u _scanf_float -Wl,--start-group -lc -lm -Wl,--end-group
Finished building target: test011-Ultrasonic-PWM.elf
 
arm-none-eabi-size  test011-Ultrasonic-PWM.elf 
arm-none-eabi-objdump -h -S test011-Ultrasonic-PWM.elf  > "test011-Ultrasonic-PWM.list"
   text	   data	    bss	    dec	    hex	filename
  36840	    476	   2136	  39452	   9a1c	test011-Ultrasonic-PWM.elf
Finished building: default.size.stdout
 
Finished building: test011-Ultrasonic-PWM.list
 

18:12:18 Build Finished. 0 errors, 3 warnings. (took 639ms)

