15:13:02 **** Incremental Build of configuration Debug for project test009-timer-PWM ****
make -j24 all 
arm-none-eabi-gcc "../Core/Src/main.c" -mcpu=cortex-m4 -std=gnu11 -g3 -DDEBUG -DUSE_HAL_DRIVER -DSTM32F411xE -c -I../Core/Inc -I../Drivers/STM32F4xx_HAL_Driver/Inc -I../Drivers/STM32F4xx_HAL_Driver/Inc/Legacy -I../Drivers/CMSIS/Device/ST/STM32F4xx/Include -I../Drivers/CMSIS/Include -O0 -ffunction-sections -fdata-sections -Wall -fstack-usage -fcyclomatic-complexity -MMD -MP -MF"Core/Src/main.d" -MT"Core/Src/main.o" --specs=nano.specs -mfpu=fpv4-sp-d16 -mfloat-abi=hard -mthumb -o "Core/Src/main.o"
../Core/Src/main.c: In function 'main':
../Core/Src/main.c:113:1: warning: implicit declaration of function 'ProgramStart' [-Wimplicit-function-declaration]
  113 | ProgramStart("Timer - clock");
      | ^~~~~~~~~~~~
../Core/Src/main.c:121:11: warning: implicit declaration of function 'cursor' [-Wimplicit-function-declaration]
  121 |           cursor(30, 10);
      |           ^~~~~~
../Core/Src/main.c:122:11: warning: implicit declaration of function 'printf' [-Wimplicit-function-declaration]
  122 |           printf(" %02d:%02d:%02d \r\n", h, m, s);
      |           ^~~~~~
../Core/Src/main.c:21:1: note: include '<stdio.h>' or provide a declaration of 'printf'
   20 | #include "main.h"
  +++ |+#include <stdio.h>
   21 | 
../Core/Src/main.c:122:11: warning: incompatible implicit declaration of built-in function 'printf' [-Wbuiltin-declaration-mismatch]
  122 |           printf(" %02d:%02d:%02d \r\n", h, m, s);
      |           ^~~~~~
../Core/Src/main.c:122:11: note: include '<stdio.h>' or provide a declaration of 'printf'
arm-none-eabi-gcc -o "test009-timer-PWM.elf" @"objects.list"   -mcpu=cortex-m4 -T"C:\Users\user\source\repos\STM32\test009-timer-PWM\STM32F411RETX_FLASH.ld" --specs=nosys.specs -Wl,-Map="test009-timer-PWM.map" -Wl,--gc-sections -static --specs=nano.specs -mfpu=fpv4-sp-d16 -mfloat-abi=hard -mthumb -Wl,--start-group -lc -lm -Wl,--end-group
Finished building target: test009-timer-PWM.elf
 
arm-none-eabi-size  test009-timer-PWM.elf 
arm-none-eabi-objdump -h -S test009-timer-PWM.elf  > "test009-timer-PWM.list"
   text	   data	    bss	    dec	    hex	filename
  17380	    112	   2064	  19556	   4c64	test009-timer-PWM.elf
Finished building: default.size.stdout
 
Finished building: test009-timer-PWM.list
 

15:13:03 Build Finished. 0 errors, 4 warnings. (took 584ms)

