11:51:00 **** Incremental Build of configuration Debug for project test003_UART_2 ****
make -j24 all 
arm-none-eabi-gcc "../Core/Src/main.c" -mcpu=cortex-m4 -std=gnu11 -g3 -DDEBUG -DUSE_HAL_DRIVER -DSTM32F411xE -c -I../Core/Inc -I../Drivers/STM32F4xx_HAL_Driver/Inc -I../Drivers/STM32F4xx_HAL_Driver/Inc/Legacy -I../Drivers/CMSIS/Device/ST/STM32F4xx/Include -I../Drivers/CMSIS/Include -O0 -ffunction-sections -fdata-sections -Wall -fstack-usage -fcyclomatic-complexity -MMD -MP -MF"Core/Src/main.d" -MT"Core/Src/main.o" --specs=nano.specs -mfpu=fpv4-sp-d16 -mfloat-abi=hard -mthumb -o "Core/Src/main.o"
../Core/Src/main.c: In function 'main':
../Core/Src/main.c:100:9: warning: implicit declaration of function 'ProgramStart' [-Wimplicit-function-declaration]
  100 |         ProgramStart("UART");
      |         ^~~~~~~~~~~~
../Core/Src/main.c:98:13: warning: unused variable 'count' [-Wunused-variable]
   98 |         int count = 0;
      |             ^~~~~
arm-none-eabi-gcc -o "test003_UART_2.elf" @"objects.list"   -mcpu=cortex-m4 -T"C:\Users\user\source\repos\STM32\test003_UART_2\STM32F411RETX_FLASH.ld" --specs=nosys.specs -Wl,-Map="test003_UART_2.map" -Wl,--gc-sections -static --specs=nano.specs -mfpu=fpv4-sp-d16 -mfloat-abi=hard -mthumb -Wl,--start-group -lc -lm -Wl,--end-group
Finished building target: test003_UART_2.elf
 
arm-none-eabi-size  test003_UART_2.elf 
arm-none-eabi-objdump -h -S test003_UART_2.elf  > "test003_UART_2.list"
   text	   data	    bss	    dec	    hex	filename
  17976	    112	   1976	  20064	   4e60	test003_UART_2.elf
Finished building: default.size.stdout
 
Finished building: test003_UART_2.list
 

11:51:01 Build Finished. 0 errors, 2 warnings. (took 533ms)

