16:50:23 **** Incremental Build of configuration Debug for project test015-bluetooth ****
make -j24 all 
arm-none-eabi-gcc "../Core/Src/main.c" -mcpu=cortex-m4 -std=gnu11 -g3 -DDEBUG -DUSE_HAL_DRIVER -DSTM32F411xE -c -I../Core/Inc -I../Drivers/STM32F4xx_HAL_Driver/Inc -I../Drivers/STM32F4xx_HAL_Driver/Inc/Legacy -I../Drivers/CMSIS/Device/ST/STM32F4xx/Include -I../Drivers/CMSIS/Include -O0 -ffunction-sections -fdata-sections -Wall -fstack-usage -fcyclomatic-complexity -MMD -MP -MF"Core/Src/main.d" -MT"Core/Src/main.o" --specs=nano.specs -mfpu=fpv4-sp-d16 -mfloat-abi=hard -mthumb -o "Core/Src/main.o"
../Core/Src/main.c: In function 'HAL_UART_RxCpltCallback':
../Core/Src/main.c:77:34: warning: pointer targets in passing argument 2 of 'HAL_UART_Transmit' differ in signedness [-Wpointer-sign]
   77 |       HAL_UART_Transmit(&huart2, &dum1/*== buf1+t1-1*/, 1, 10);      // putty print
      |                                  ^~~~~
      |                                  |
      |                                  char *
In file included from ../Core/Inc/stm32f4xx_hal_conf.h:411,
                 from ../Drivers/STM32F4xx_HAL_Driver/Inc/stm32f4xx_hal.h:29,
                 from ../Core/Inc/main.h:30,
                 from ../Core/Src/main.c:20:
../Drivers/STM32F4xx_HAL_Driver/Inc/stm32f4xx_hal_uart.h:745:79: note: expected 'const uint8_t *' {aka 'const unsigned char *'} but argument is of type 'char *'
  745 | HAL_StatusTypeDef HAL_UART_Transmit(UART_HandleTypeDef *huart, const uint8_t *pData, uint16_t Size, uint32_t Timeout);
      |                                                                ~~~~~~~~~~~~~~~^~~~~
../Core/Src/main.c:80:11: warning: implicit declaration of function 'CheckCMD' [-Wimplicit-function-declaration]
   80 |           CheckCMD(buf1);
      |           ^~~~~~~~
../Core/Src/main.c:83:36: warning: pointer targets in passing argument 2 of 'HAL_UART_Receive_IT' differ in signedness [-Wpointer-sign]
   83 |       HAL_UART_Receive_IT(&huart1, &dum1, 1);         // interrupt chain
      |                                    ^~~~~
      |                                    |
      |                                    char *
In file included from ../Core/Inc/stm32f4xx_hal_conf.h:411,
                 from ../Drivers/STM32F4xx_HAL_Driver/Inc/stm32f4xx_hal.h:29,
                 from ../Core/Inc/main.h:30,
                 from ../Core/Src/main.c:20:
../Drivers/STM32F4xx_HAL_Driver/Inc/stm32f4xx_hal_uart.h:748:75: note: expected 'uint8_t *' {aka 'unsigned char *'} but argument is of type 'char *'
  748 | HAL_StatusTypeDef HAL_UART_Receive_IT(UART_HandleTypeDef *huart, uint8_t *pData, uint16_t Size);
      |                                                                  ~~~~~~~~~^~~~~
../Core/Src/main.c:90:34: warning: pointer targets in passing argument 2 of 'HAL_UART_Transmit' differ in signedness [-Wpointer-sign]
   90 |       HAL_UART_Transmit(&huart2, &dum2, 1, 10); // terminal echo
      |                                  ^~~~~
      |                                  |
      |                                  char *
In file included from ../Core/Inc/stm32f4xx_hal_conf.h:411,
                 from ../Drivers/STM32F4xx_HAL_Driver/Inc/stm32f4xx_hal.h:29,
                 from ../Core/Inc/main.h:30,
                 from ../Core/Src/main.c:20:
../Drivers/STM32F4xx_HAL_Driver/Inc/stm32f4xx_hal_uart.h:745:79: note: expected 'const uint8_t *' {aka 'const unsigned char *'} but argument is of type 'char *'
  745 | HAL_StatusTypeDef HAL_UART_Transmit(UART_HandleTypeDef *huart, const uint8_t *pData, uint16_t Size, uint32_t Timeout);
      |                                                                ~~~~~~~~~~~~~~~^~~~~
../Core/Src/main.c:93:37: warning: pointer targets in passing argument 2 of 'HAL_UART_Transmit' differ in signedness [-Wpointer-sign]
   93 |          HAL_UART_Transmit(&huart2, "\n", 1, 10); // terminal echo
      |                                     ^~~~
      |                                     |
      |                                     char *
In file included from ../Core/Inc/stm32f4xx_hal_conf.h:411,
                 from ../Drivers/STM32F4xx_HAL_Driver/Inc/stm32f4xx_hal.h:29,
                 from ../Core/Inc/main.h:30,
                 from ../Core/Src/main.c:20:
../Drivers/STM32F4xx_HAL_Driver/Inc/stm32f4xx_hal_uart.h:745:79: note: expected 'const uint8_t *' {aka 'const unsigned char *'} but argument is of type 'char *'
  745 | HAL_StatusTypeDef HAL_UART_Transmit(UART_HandleTypeDef *huart, const uint8_t *pData, uint16_t Size, uint32_t Timeout);
      |                                                                ~~~~~~~~~~~~~~~^~~~~
../Core/Src/main.c:96:37: warning: pointer targets in passing argument 2 of 'HAL_UART_Transmit' differ in signedness [-Wpointer-sign]
   96 |          HAL_UART_Transmit(&huart1, buf2, tail2, 10);   // AT Command
      |                                     ^~~~
      |                                     |
      |                                     char *
In file included from ../Core/Inc/stm32f4xx_hal_conf.h:411,
                 from ../Drivers/STM32F4xx_HAL_Driver/Inc/stm32f4xx_hal.h:29,
                 from ../Core/Inc/main.h:30,
                 from ../Core/Src/main.c:20:
../Drivers/STM32F4xx_HAL_Driver/Inc/stm32f4xx_hal_uart.h:745:79: note: expected 'const uint8_t *' {aka 'const unsigned char *'} but argument is of type 'char *'
  745 | HAL_StatusTypeDef HAL_UART_Transmit(UART_HandleTypeDef *huart, const uint8_t *pData, uint16_t Size, uint32_t Timeout);
      |                                                                ~~~~~~~~~~~~~~~^~~~~
../Core/Src/main.c:100:36: warning: pointer targets in passing argument 2 of 'HAL_UART_Receive_IT' differ in signedness [-Wpointer-sign]
  100 |       HAL_UART_Receive_IT(&huart2, &dum2, 1);
      |                                    ^~~~~
      |                                    |
      |                                    char *
In file included from ../Core/Inc/stm32f4xx_hal_conf.h:411,
                 from ../Drivers/STM32F4xx_HAL_Driver/Inc/stm32f4xx_hal.h:29,
                 from ../Core/Inc/main.h:30,
                 from ../Core/Src/main.c:20:
../Drivers/STM32F4xx_HAL_Driver/Inc/stm32f4xx_hal_uart.h:748:75: note: expected 'uint8_t *' {aka 'unsigned char *'} but argument is of type 'char *'
  748 | HAL_StatusTypeDef HAL_UART_Receive_IT(UART_HandleTypeDef *huart, uint8_t *pData, uint16_t Size);
      |                                                                  ~~~~~~~~~^~~~~
../Core/Src/main.c: In function 'ToUpper':
../Core/Src/main.c:108:17: warning: this 'if' clause does not guard... [-Wmisleading-indentation]
  108 |                 if(*s >= 'a' && *s <= 'z')      *s &= 0xDF; s++;
      |                 ^~
../Core/Src/main.c:108:61: note: ...this statement, but the latter is misleadingly indented as if it were guarded by the 'if'
  108 |                 if(*s >= 'a' && *s <= 'z')      *s &= 0xDF; s++;
      |                                                             ^
../Core/Src/main.c: In function 'ToLower':
../Core/Src/main.c:116:17: warning: this 'if' clause does not guard... [-Wmisleading-indentation]
  116 |                 if(*s >= 'A' && *s <= 'Z')      *s &= 0x20; s++;
      |                 ^~
../Core/Src/main.c:116:61: note: ...this statement, but the latter is misleadingly indented as if it were guarded by the 'if'
  116 |                 if(*s >= 'A' && *s <= 'Z')      *s &= 0x20; s++;
      |                                                             ^
../Core/Src/main.c: In function 'Trim':
../Core/Src/main.c:143:30: warning: implicit declaration of function 'malloc' [-Wimplicit-function-declaration]
  143 |         char *dest = (char *)malloc(t-h+1);     // 메모리 동적할당 : malloc(memory size)
      |                              ^~~~~~
../Core/Src/main.c:26:1: note: include '<stdlib.h>' or provide a declaration of 'malloc'
   25 | #include<stdio.h>
  +++ |+#include <stdlib.h>
   26 | 
../Core/Src/main.c:143:30: warning: incompatible implicit declaration of built-in function 'malloc' [-Wbuiltin-declaration-mismatch]
  143 |         char *dest = (char *)malloc(t-h+1);     // 메모리 동적할당 : malloc(memory size)
      |                              ^~~~~~
../Core/Src/main.c:143:30: note: include '<stdlib.h>' or provide a declaration of 'malloc'
../Core/Src/main.c: At top level:
../Core/Src/main.c:148:6: warning: conflicting types for 'CheckCMD'; have 'void(char *)'
  148 | void CheckCMD(char *bb)  // ex) str "    LED  1   " 에서 공백 삭제
      |      ^~~~~~~~
../Core/Src/main.c:80:11: note: previous implicit declaration of 'CheckCMD' with type 'void(char *)'
   80 |           CheckCMD(buf1);
      |           ^~~~~~~~
../Core/Src/main.c: In function 'main':
../Core/Src/main.c:202:3: warning: implicit declaration of function 'ProgramStart' [-Wimplicit-function-declaration]
  202 |   ProgramStart("Bluetooth Test - Start");
      |   ^~~~~~~~~~~~
../Core/Src/main.c:203:34: warning: pointer targets in passing argument 2 of 'UART_Start_Receive_IT' differ in signedness [-Wpointer-sign]
  203 |   UART_Start_Receive_IT(&huart1, &dum1, 1);
      |                                  ^~~~~
      |                                  |
      |                                  char *
In file included from ../Core/Inc/stm32f4xx_hal_conf.h:411,
                 from ../Drivers/STM32F4xx_HAL_Driver/Inc/stm32f4xx_hal.h:29,
                 from ../Core/Inc/main.h:30,
                 from ../Core/Src/main.c:20:
../Drivers/STM32F4xx_HAL_Driver/Inc/stm32f4xx_hal_uart.h:889:77: note: expected 'uint8_t *' {aka 'unsigned char *'} but argument is of type 'char *'
  889 | HAL_StatusTypeDef UART_Start_Receive_IT(UART_HandleTypeDef *huart, uint8_t *pData, uint16_t Size);
      |                                                                    ~~~~~~~~~^~~~~
../Core/Src/main.c:204:34: warning: pointer targets in passing argument 2 of 'UART_Start_Receive_IT' differ in signedness [-Wpointer-sign]
  204 |   UART_Start_Receive_IT(&huart2, &dum2, 1);
      |                                  ^~~~~
      |                                  |
      |                                  char *
In file included from ../Core/Inc/stm32f4xx_hal_conf.h:411,
                 from ../Drivers/STM32F4xx_HAL_Driver/Inc/stm32f4xx_hal.h:29,
                 from ../Core/Inc/main.h:30,
                 from ../Core/Src/main.c:20:
../Drivers/STM32F4xx_HAL_Driver/Inc/stm32f4xx_hal_uart.h:889:77: note: expected 'uint8_t *' {aka 'unsigned char *'} but argument is of type 'char *'
  889 | HAL_StatusTypeDef UART_Start_Receive_IT(UART_HandleTypeDef *huart, uint8_t *pData, uint16_t Size);
      |                                                                    ~~~~~~~~~^~~~~
arm-none-eabi-gcc -o "test015-bluetooth.elf" @"objects.list"   -mcpu=cortex-m4 -T"C:\Users\user\source\repos\STM32\test015-bluetooth\STM32F411RETX_FLASH.ld" --specs=nosys.specs -Wl,-Map="test015-bluetooth.map" -Wl,--gc-sections -static --specs=nano.specs -mfpu=fpv4-sp-d16 -mfloat-abi=hard -mthumb -Wl,--start-group -lc -lm -Wl,--end-group
Finished building target: test015-bluetooth.elf
 
arm-none-eabi-size  test015-bluetooth.elf 
arm-none-eabi-objdump -h -S test015-bluetooth.elf  > "test015-bluetooth.list"
   text	   data	    bss	    dec	    hex	filename
  20104	    112	   2456	  22672	   5890	test015-bluetooth.elf
Finished building: default.size.stdout
 
Finished building: test015-bluetooth.list
 

16:50:24 Build Finished. 0 errors, 15 warnings. (took 587ms)

