11:58:01 **** Build of configuration Debug for project test_my_GPIO ****
make -j24 all 
arm-none-eabi-gcc "../Core/Src/main.c" -mcpu=cortex-m4 -std=gnu11 -g3 -DDEBUG -DUSE_HAL_DRIVER -DSTM32F411xE -c -I../Core/Inc -I../Drivers/STM32F4xx_HAL_Driver/Inc -I../Drivers/STM32F4xx_HAL_Driver/Inc/Legacy -I../Drivers/CMSIS/Device/ST/STM32F4xx/Include -I../Drivers/CMSIS/Include -O0 -ffunction-sections -fdata-sections -Wall -fstack-usage -fcyclomatic-complexity -MMD -MP -MF"Core/Src/main.d" -MT"Core/Src/main.o" --specs=nano.specs -mfpu=fpv4-sp-d16 -mfloat-abi=hard -mthumb -o "Core/Src/main.o"
arm-none-eabi-gcc -o "test_my_GPIO.elf" @"objects.list"   -mcpu=cortex-m4 -T"C:\Users\user\source\repos\STM32\test_my_GPIO\STM32F411RETX_FLASH.ld" --specs=nosys.specs -Wl,-Map="test_my_GPIO.map" -Wl,--gc-sections -static --specs=nano.specs -mfpu=fpv4-sp-d16 -mfloat-abi=hard -mthumb -Wl,--start-group -lc -lm -Wl,--end-group
Finished building target: test_my_GPIO.elf
 
arm-none-eabi-size  test_my_GPIO.elf 
arm-none-eabi-objdump -h -S test_my_GPIO.elf  > "test_my_GPIO.list"
   text	   data	    bss	    dec	    hex	filename
   8132	     24	   1648	   9804	   264c	test_my_GPIO.elf
Finished building: default.size.stdout
 
Finished building: test_my_GPIO.list
 

11:58:01 Build Finished. 0 errors, 0 warnings. (took 532ms)

